<html>
<body>
<pre>
<h1>µVision Build Log</h1>
<h2>Project:</h2>
\\vmware-host\Shared Folders\Documents\College 2014-2015\Fall 2014\EE445L (Embedded Systems Design Lab)\DC_MOTOR\PWM.uvproj
Project File Date:  09/29/2014

<h2>Output:</h2>
Rebuild target 'PWM'
assembling startup.s...
compiling PLL.c...
compiling motor.c...
compiling switch.c...
compiling tach.c...
compiling motorcontrol.c...
compiling ST7735.c...
compiling SysTickInts.c...
linking...
Program Size: Code=3792 RO-data=2052 RW-data=84 ZI-data=1124  
".\PWM.axf" - 0 Error(s), 0 Warning(s).
Load "\\\\vmware-host\\Shared Folders\\Documents\\College 2014-2015\\Fall 2014\\EE445L (Embedded Systems Design Lab)\\DC_MOTOR\\PWM.axf" 
Connecting: Mode=JTAG, Speed=1000000Hz
Connection failed!, error code=&d
Error: Flash Download failed  -  Target DLL has been cancelled
Connecting: Mode=JTAG, Speed=1000000Hz
Full Chip Erase Done.
Load "\\\\vmware-host\\Shared Folders\\Documents\\College 2014-2015\\Fall 2014\\EE445L (Embedded Systems Design Lab)\\DC_MOTOR\\PWM.axf" 
Connecting: Mode=JTAG, Speed=1000000Hz
Erase Done.
Programming Done.
Verify OK.
