<html>
<body>
<pre>
<h1>µVision Build Log</h1>
<h2>Project:</h2>
\\vmware-host\Shared Folders\Documents\College 2014-2015\Fall 2014\EE445L (Embedded Systems Design Lab)\DC_MOTOR\PWM.uvproj
Project File Date:  09/29/2014

<h2>Output:</h2>
Rebuild target 'PWM'
assembling startup.s...
compiling PLL.c...
compiling motor.c...
compiling switch.c...
compiling tach.c...
compiling motorcontrol.c...
compiling ST7735.c...
compiling SysTickInts.c...
linking...
Program Size: Code=1716 RO-data=32 RW-data=40 ZI-data=1120  
".\PWM.axf" - 0 Error(s), 0 Warning(s).
